src/lib/supabase.ts(265,5): error TS2739: Type '{ id: string; type: FloodType; severity: AlertSeverity; location: { lat: number; lng: number; }; areaName: string; radius: number; confidenceScore: number; reportCount: number; ... 4 more ...; suggestedActions: string[]; }' is missing the following properties from type 'Alert': roadState, resolvedCount, confirmedCount
